// Jest Snapshot v1, https://goo.gl/fbAQLP

exports[`Should render Header 1`] = `
<header>
  <h1>
    Expensify
  </h1>
  <div>
    <NavLink
      className=""
      to="/"
    >
      Go home
    </NavLink>
    <NavLink
      className=""
      to="/create"
    >
      Add Expense
    </NavLink>
    <NavLink
      className=""
      to="/edit"
    >
      Edit Expense
    </NavLink>
    <NavLink
      className=""
      to="/help"
    >
      Help
    </NavLink>
  </div>
</header>
`;
